// Jest Snapshot v1, https://goo.gl/fbAQLP

exports[`renders correctly 1`] = `
.c1 {
  max-width: 100rem;
  padding: 0 2rem;
  margin: 0 auto;
}

.c0 {
  position: relative;
  z-index: 99;
  -webkit-user-select: none;
  -moz-user-select: none;
  -ms-user-select: none;
  user-select: none;
  margin-bottom: 2rem;
}

<section
  className="c0 c1"
/>
`;
