// Jest Snapshot v1, https://goo.gl/fbAQLP

exports[`renders info message when no items match search 1`] = `
<article
  class="sc-kpOJdX kpuLte sc-kGXeez dADNLS"
>
  <h1
    class="sc-dxgOiQ fUWDgC sc-fjdhpX dFoqyJ"
  >
    Bolverk failed to find items for 
    <strong
      class="sc-chPdSV flxTt"
    >
      xxx
    </strong>
  </h1>
</article>
`;

exports[`renders loaded item 1`] = `
<article
  class="sc-kpOJdX kpuLte sc-kGXeez dADNLS"
>
  <h1
    class="sc-dxgOiQ fUWDgC sc-fjdhpX dFoqyJ"
  >
    Items found for 
    <strong
      class="sc-chPdSV flxTt"
    >
      ale
    </strong>
  </h1>
  <div
    class="sc-bdVaJa iDpojy"
  >
    <div
      class="sc-jTzLTM fdcbAh"
    >
      <ul
        class="sc-kAzzGY kHKYvg"
      >
        <li
          class="sc-ifAKCX eAYGcP"
        >
          <a
            class="sc-EHOje jQSOuj"
            href="/item/alettes-bracelet"
          >
            <div
              class="sc-bwzfXH elpSZb"
            >
              <img
                class="sc-htpNat kvsjSp"
                src="undefinedalettes-bracelet.png"
              />
            </div>
            <p
              class="sc-gqjmRU dFgNyw sc-gzVnrw dJHat"
            >
              1
            </p>
          </a>
        </li>
        <li
          class="sc-ifAKCX eAYGcP"
        >
          <a
            class="sc-EHOje jQSOuj"
            href="/item/whalebone-needle"
          >
            <div
              class="sc-bwzfXH elpSZb"
            >
              <img
                class="sc-htpNat kvsjSp"
                src="undefinedwhalebone-needle.png"
              />
            </div>
            <p
              class="sc-gqjmRU dFgNyw sc-gzVnrw dJHat"
            >
              1
            </p>
          </a>
        </li>
      </ul>
    </div>
  </div>
</article>
`;

exports[`renders loading state initially 1`] = `
<article
  class="sc-kpOJdX kpuLte sc-kGXeez dADNLS"
/>
`;
