// Jest Snapshot v1, https://goo.gl/fbAQLP

exports[`renders correctly 1`] = `
<div
  className="sc-htpNat jeiAyX"
>
  <p
    className="sc-EHOje euXMrm sc-ifAKCX bVJDvB"
  >
    test
  </p>
  <label
    className="sc-bdVaJa bJrhxk"
  >
    1
    <input
      className="sc-bwzfXH kxRMuH"
      name="test"
      onChange={[MockFunction]}
      type="radio"
      value="1"
    />
  </label>
  <label
    className="sc-bdVaJa bJrhxk"
  >
    2
    <input
      className="sc-bwzfXH kxRMuH"
      name="test"
      onChange={[MockFunction]}
      type="radio"
      value="2"
    />
  </label>
</div>
`;
