// Jest Snapshot v1, https://goo.gl/fbAQLP

exports[`renders correctly 1`] = `
<div
  className="sc-htpNat jeiAyX"
>
  <p
    className="sc-EHOje euXMrm sc-ifAKCX bVJDvB"
  >
    rank
  </p>
  <label
    checked={true}
    className="sc-bdVaJa gsvaU"
  >
    0
    <input
      checked={true}
      className="sc-bwzfXH kxRMuH"
      name="rank"
      onChange={[MockFunction]}
      type="radio"
      value={0}
    />
  </label>
  <label
    checked={false}
    className="sc-bdVaJa bJrhxk"
  >
    1
    <input
      checked={false}
      className="sc-bwzfXH kxRMuH"
      name="rank"
      onChange={[MockFunction]}
      type="radio"
      value={1}
    />
  </label>
</div>
`;
