// Jest Snapshot v1, https://goo.gl/fbAQLP

exports[`submits search correctly 1`] = `
<form
  class="sc-bdVaJa tikzt"
>
  <input
    autocapitalize="off"
    autocomplete="off"
    autocorrect="off"
    class="sc-htpNat iePBsF sc-bwzfXH bPLioj"
    placeholder="Search items"
    spellcheck="false"
    type="search"
  />
  <button
    class="sc-bxivhb iJpYls"
    type="submit"
  >
    <svg />
  </button>
</form>
`;
