// Jest Snapshot v1, https://goo.gl/fbAQLP

exports[`renders correctly 1`] = `
<label
  checked={true}
  className="sc-bdVaJa gsvaU"
>
  realName
  <input
    checked={true}
    className="sc-bwzfXH kxRMuH"
    name="part"
    onChange={[MockFunction]}
    type="radio"
    value={0}
  />
</label>
`;
