// Jest Snapshot v1, https://goo.gl/fbAQLP

exports[`renders correctly 1`] = `
.c5 {
  position: relative;
  display: -webkit-inline-box;
  display: -webkit-inline-flex;
  display: -ms-inline-flexbox;
  display: inline-flex;
  -webkit-box-pack: center;
  -webkit-justify-content: center;
  -ms-flex-pack: center;
  justify-content: center;
  height: 2.4rem;
  line-height: 2.4rem;
  min-width: 2.4rem;
  background: rgba(61,38,218,0.2);
  color: #ffffff;
  font-weight: 400;
  cursor: pointer;
  padding: 0 0.6rem;
  margin-right: 1px;
  text-transform: capitalize;
  -webkit-transition: background 0.15s linear;
  transition: background 0.15s linear;
}

.c7 {
  position: relative;
  display: -webkit-inline-box;
  display: -webkit-inline-flex;
  display: -ms-inline-flexbox;
  display: inline-flex;
  -webkit-box-pack: center;
  -webkit-justify-content: center;
  -ms-flex-pack: center;
  justify-content: center;
  height: 2.4rem;
  line-height: 2.4rem;
  min-width: 2.4rem;
  background: #d92f29;
  color: #ffffff;
  font-weight: 400;
  cursor: pointer;
  padding: 0 0.6rem;
  margin-right: 1px;
  text-transform: capitalize;
  -webkit-transition: background 0.15s linear;
  transition: background 0.15s linear;
}

.c6 {
  position: absolute;
  top: 0;
  left: 0;
  visibility: hidden;
}

.c2 {
  display: -webkit-box;
  display: -webkit-flex;
  display: -ms-flexbox;
  display: flex;
  margin-right: 2rem;
  margin-top: 1rem;
}

.c4 {
  font-size: 1.2rem;
  color: rgba(61,38,218,0.5);
  text-transform: uppercase;
  -webkit-letter-spacing: 0.5px;
  -moz-letter-spacing: 0.5px;
  -ms-letter-spacing: 0.5px;
  letter-spacing: 0.5px;
}

.c3 {
  margin: 0;
  margin-right: 1rem;
  line-height: 2.4rem;
}

.c0 {
  overflow: hidden;
  height: 0;
  -webkit-transition: height 0.25s ease-in-out;
  transition: height 0.25s ease-in-out;
  padding-left: 10rem;
}

.c1 {
  display: -webkit-box;
  display: -webkit-flex;
  display: -ms-flexbox;
  display: flex;
  -webkit-flex-wrap: wrap;
  -ms-flex-wrap: wrap;
  flex-wrap: wrap;
}

.c1:not(:first-child) {
  margin-top: 1.2rem;
}

<form
  className="c0"
>
  <div
    className="c1"
  >
    <div
      className="c2"
    >
      <p
        className="c3 c4"
      >
        part
      </p>
      <label
        checked={false}
        className="c5"
      >
        all
        <input
          checked={false}
          className="c6"
          name="part"
          onChange={[Function]}
          type="radio"
          value={0}
        />
      </label>
      <label
        checked={true}
        className="c7"
      >
        1
        <input
          checked={true}
          className="c6"
          name="part"
          onChange={[Function]}
          type="radio"
          value={1}
        />
      </label>
      <label
        checked={false}
        className="c5"
      >
        2
        <input
          checked={false}
          className="c6"
          name="part"
          onChange={[Function]}
          type="radio"
          value={2}
        />
      </label>
    </div>
    <div
      className="c2"
    >
      <p
        className="c3 c4"
      >
        rank
      </p>
      <label
        checked={false}
        className="c5"
      >
        all
        <input
          checked={false}
          className="c6"
          name="rank"
          onChange={[Function]}
          type="radio"
          value={0}
        />
      </label>
      <label
        checked={true}
        className="c7"
      >
        1
        <input
          checked={true}
          className="c6"
          name="rank"
          onChange={[Function]}
          type="radio"
          value={1}
        />
      </label>
      <label
        checked={false}
        className="c5"
      >
        2
        <input
          checked={false}
          className="c6"
          name="rank"
          onChange={[Function]}
          type="radio"
          value={2}
        />
      </label>
      <label
        checked={false}
        className="c5"
      >
        3
        <input
          checked={false}
          className="c6"
          name="rank"
          onChange={[Function]}
          type="radio"
          value={3}
        />
      </label>
      <label
        checked={false}
        className="c5"
      >
        4
        <input
          checked={false}
          className="c6"
          name="rank"
          onChange={[Function]}
          type="radio"
          value={4}
        />
      </label>
      <label
        checked={false}
        className="c5"
      >
        5
        <input
          checked={false}
          className="c6"
          name="rank"
          onChange={[Function]}
          type="radio"
          value={5}
        />
      </label>
      <label
        checked={false}
        className="c5"
      >
        6
        <input
          checked={false}
          className="c6"
          name="rank"
          onChange={[Function]}
          type="radio"
          value={6}
        />
      </label>
      <label
        checked={false}
        className="c5"
      >
        7
        <input
          checked={false}
          className="c6"
          name="rank"
          onChange={[Function]}
          type="radio"
          value={7}
        />
      </label>
      <label
        checked={false}
        className="c5"
      >
        8
        <input
          checked={false}
          className="c6"
          name="rank"
          onChange={[Function]}
          type="radio"
          value={8}
        />
      </label>
      <label
        checked={false}
        className="c5"
      >
        9
        <input
          checked={false}
          className="c6"
          name="rank"
          onChange={[Function]}
          type="radio"
          value={9}
        />
      </label>
      <label
        checked={false}
        className="c5"
      >
        10
        <input
          checked={false}
          className="c6"
          name="rank"
          onChange={[Function]}
          type="radio"
          value={10}
        />
      </label>
    </div>
    <div
      className="c2"
    >
      <p
        className="c3 c4"
      >
        bonus
      </p>
      <label
        checked={true}
        className="c7"
      >
        any
        <input
          checked={true}
          className="c6"
          name="bonus"
          onChange={[Function]}
          type="radio"
          value="ANY"
        />
      </label>
      <label
        checked={false}
        className="c5"
      >
        main stat
        <input
          checked={false}
          className="c6"
          name="bonus"
          onChange={[Function]}
          type="radio"
          value="MAIN_STAT"
        />
      </label>
      <label
        checked={false}
        className="c5"
      >
        talent
        <input
          checked={false}
          className="c6"
          name="bonus"
          onChange={[Function]}
          type="radio"
          value="TALENT"
        />
      </label>
      <label
        checked={false}
        className="c5"
      >
        per turn
        <input
          checked={false}
          className="c6"
          name="bonus"
          onChange={[Function]}
          type="radio"
          value="PER_TURN"
        />
      </label>
      <label
        checked={false}
        className="c5"
      >
        on rest
        <input
          checked={false}
          className="c6"
          name="bonus"
          onChange={[Function]}
          type="radio"
          value="ON_REST"
        />
      </label>
      <label
        checked={false}
        className="c5"
      >
        chance
        <input
          checked={false}
          className="c6"
          name="bonus"
          onChange={[Function]}
          type="radio"
          value="CHANCE"
        />
      </label>
      <label
        checked={false}
        className="c5"
      >
        from market
        <input
          checked={false}
          className="c6"
          name="bonus"
          onChange={[Function]}
          type="radio"
          value="FROM_MARKET"
        />
      </label>
      <label
        checked={false}
        className="c5"
      >
        movement
        <input
          checked={false}
          className="c6"
          name="bonus"
          onChange={[Function]}
          type="radio"
          value="MOVEMENT"
        />
      </label>
    </div>
  </div>
  <div
    className="c1"
  >
    <div
      className="c2"
    >
      <p
        className="c3 c4"
      >
        order by
      </p>
      <label
        checked={true}
        className="c7"
      >
        rank
        <input
          checked={true}
          className="c6"
          name="orderBy"
          onChange={[Function]}
          type="radio"
          value="RANK"
        />
      </label>
      <label
        checked={false}
        className="c5"
      >
        alphabetically
        <input
          checked={false}
          className="c6"
          name="orderBy"
          onChange={[Function]}
          type="radio"
          value="ALPHABETICALLY"
        />
      </label>
    </div>
  </div>
</form>
`;
