// Jest Snapshot v1, https://goo.gl/fbAQLP

exports[`renders correctly 1`] = `
.c4 {
  position: relative;
  display: -webkit-inline-box;
  display: -webkit-inline-flex;
  display: -ms-inline-flexbox;
  display: inline-flex;
  -webkit-box-pack: center;
  -webkit-justify-content: center;
  -ms-flex-pack: center;
  justify-content: center;
  height: 2.4rem;
  line-height: 2.4rem;
  min-width: 2.4rem;
  background: rgba(61,38,218,0.2);
  color: #ffffff;
  font-weight: 400;
  cursor: pointer;
  padding: 0 0.6rem;
  margin-right: 1px;
  text-transform: capitalize;
  -webkit-transition: background 0.15s linear;
  transition: background 0.15s linear;
}

.c6 {
  position: relative;
  display: -webkit-inline-box;
  display: -webkit-inline-flex;
  display: -ms-inline-flexbox;
  display: inline-flex;
  -webkit-box-pack: center;
  -webkit-justify-content: center;
  -ms-flex-pack: center;
  justify-content: center;
  height: 2.4rem;
  line-height: 2.4rem;
  min-width: 2.4rem;
  background: #d92f29;
  color: #ffffff;
  font-weight: 400;
  cursor: pointer;
  padding: 0 0.6rem;
  margin-right: 1px;
  text-transform: capitalize;
  -webkit-transition: background 0.15s linear;
  transition: background 0.15s linear;
}

.c5 {
  position: absolute;
  top: 0;
  left: 0;
  visibility: hidden;
}

.c1 {
  display: -webkit-box;
  display: -webkit-flex;
  display: -ms-flexbox;
  display: flex;
  margin-right: 2rem;
  margin-top: 1rem;
}

.c3 {
  font-size: 1.2rem;
  color: rgba(61,38,218,0.5);
  text-transform: uppercase;
  -webkit-letter-spacing: 0.5px;
  -moz-letter-spacing: 0.5px;
  -ms-letter-spacing: 0.5px;
  letter-spacing: 0.5px;
}

.c2 {
  margin: 0;
  margin-right: 1rem;
  line-height: 2.4rem;
}

.c0 {
  overflow: hidden;
  height: 0;
  -webkit-transition: height 0.25s ease-in-out;
  transition: height 0.25s ease-in-out;
  padding-left: 10rem;
  display: -webkit-box;
  display: -webkit-flex;
  display: -ms-flexbox;
  display: flex;
  -webkit-flex-wrap: wrap;
  -ms-flex-wrap: wrap;
  flex-wrap: wrap;
  -webkit-align-content: flex-start;
  -ms-flex-line-pack: start;
  align-content: flex-start;
}

<form
  className="c0"
>
  <div
    className="c1"
  >
    <p
      className="c2 c3"
    >
      part
    </p>
    <label
      checked={false}
      className="c4"
    >
      all
      <input
        checked={false}
        className="c5"
        name="part"
        onChange={[Function]}
        type="radio"
        value={0}
      />
    </label>
    <label
      checked={true}
      className="c6"
    >
      1
      <input
        checked={true}
        className="c5"
        name="part"
        onChange={[Function]}
        type="radio"
        value={1}
      />
    </label>
    <label
      checked={false}
      className="c4"
    >
      2
      <input
        checked={false}
        className="c5"
        name="part"
        onChange={[Function]}
        type="radio"
        value={2}
      />
    </label>
  </div>
  <div
    className="c1"
  >
    <p
      className="c2 c3"
    >
      rank
    </p>
    <label
      checked={false}
      className="c4"
    >
      all
      <input
        checked={false}
        className="c5"
        name="rank"
        onChange={[Function]}
        type="radio"
        value={0}
      />
    </label>
    <label
      checked={true}
      className="c6"
    >
      1
      <input
        checked={true}
        className="c5"
        name="rank"
        onChange={[Function]}
        type="radio"
        value={1}
      />
    </label>
    <label
      checked={false}
      className="c4"
    >
      2
      <input
        checked={false}
        className="c5"
        name="rank"
        onChange={[Function]}
        type="radio"
        value={2}
      />
    </label>
    <label
      checked={false}
      className="c4"
    >
      3
      <input
        checked={false}
        className="c5"
        name="rank"
        onChange={[Function]}
        type="radio"
        value={3}
      />
    </label>
    <label
      checked={false}
      className="c4"
    >
      4
      <input
        checked={false}
        className="c5"
        name="rank"
        onChange={[Function]}
        type="radio"
        value={4}
      />
    </label>
    <label
      checked={false}
      className="c4"
    >
      5
      <input
        checked={false}
        className="c5"
        name="rank"
        onChange={[Function]}
        type="radio"
        value={5}
      />
    </label>
    <label
      checked={false}
      className="c4"
    >
      6
      <input
        checked={false}
        className="c5"
        name="rank"
        onChange={[Function]}
        type="radio"
        value={6}
      />
    </label>
    <label
      checked={false}
      className="c4"
    >
      7
      <input
        checked={false}
        className="c5"
        name="rank"
        onChange={[Function]}
        type="radio"
        value={7}
      />
    </label>
    <label
      checked={false}
      className="c4"
    >
      8
      <input
        checked={false}
        className="c5"
        name="rank"
        onChange={[Function]}
        type="radio"
        value={8}
      />
    </label>
    <label
      checked={false}
      className="c4"
    >
      9
      <input
        checked={false}
        className="c5"
        name="rank"
        onChange={[Function]}
        type="radio"
        value={9}
      />
    </label>
    <label
      checked={false}
      className="c4"
    >
      10
      <input
        checked={false}
        className="c5"
        name="rank"
        onChange={[Function]}
        type="radio"
        value={10}
      />
    </label>
  </div>
  <div
    className="c1"
  >
    <p
      className="c2 c3"
    >
      bonus
    </p>
    <label
      checked={true}
      className="c6"
    >
      any
      <input
        checked={true}
        className="c5"
        name="bonus"
        onChange={[Function]}
        type="radio"
        value="ANY"
      />
    </label>
    <label
      checked={false}
      className="c4"
    >
      main stat
      <input
        checked={false}
        className="c5"
        name="bonus"
        onChange={[Function]}
        type="radio"
        value="MAIN_STAT"
      />
    </label>
    <label
      checked={false}
      className="c4"
    >
      talent
      <input
        checked={false}
        className="c5"
        name="bonus"
        onChange={[Function]}
        type="radio"
        value="TALENT"
      />
    </label>
    <label
      checked={false}
      className="c4"
    >
      per turn
      <input
        checked={false}
        className="c5"
        name="bonus"
        onChange={[Function]}
        type="radio"
        value="PER_TURN"
      />
    </label>
    <label
      checked={false}
      className="c4"
    >
      on rest
      <input
        checked={false}
        className="c5"
        name="bonus"
        onChange={[Function]}
        type="radio"
        value="ON_REST"
      />
    </label>
    <label
      checked={false}
      className="c4"
    >
      chance
      <input
        checked={false}
        className="c5"
        name="bonus"
        onChange={[Function]}
        type="radio"
        value="CHANCE"
      />
    </label>
    <label
      checked={false}
      className="c4"
    >
      from market
      <input
        checked={false}
        className="c5"
        name="bonus"
        onChange={[Function]}
        type="radio"
        value="FROM_MARKET"
      />
    </label>
    <label
      checked={false}
      className="c4"
    >
      movement
      <input
        checked={false}
        className="c5"
        name="bonus"
        onChange={[Function]}
        type="radio"
        value="MOVEMENT"
      />
    </label>
  </div>
</form>
`;
