// Jest Snapshot v1, https://goo.gl/fbAQLP

exports[`renders correctly 1`] = `
<li
  className="sc-bxivhb hjuVSK"
  onMouseEnter={[Function]}
  onMouseLeave={[Function]}
>
  <img
    className="sc-bdVaJa hpZUqN"
    src="undefinedariana-grande.png"
  />
  <p
    className="sc-EHOje RRuYV"
  >
    10
  </p>
</li>
`;
