// Jest Snapshot v1, https://goo.gl/fbAQLP

exports[`renders correctly 1`] = `
<li
  className="sc-bwzfXH bEhcJL"
>
  <a
    className="sc-htpNat kCADRD"
    href="/item/test-slug"
    onClick={[Function]}
  >
    <img
      className="sc-bdVaJa hpZUqN"
      src="undefinedtest-slug.png"
    />
    <p
      className="sc-bxivhb dhKWxo"
    >
      10
    </p>
  </a>
</li>
`;
