// Jest Snapshot v1, https://goo.gl/fbAQLP

exports[`renders correctly 1`] = `
<ul
  className="sc-iwsKbI igizDg"
>
  <li
    className="sc-bxivhb hjuVSK"
    onMouseEnter={[Function]}
    onMouseLeave={[Function]}
  >
    <img
      className="sc-bdVaJa hpZUqN"
      src="undefinedtest-slug.png"
    />
    <p
      className="sc-EHOje RRuYV"
    >
      10
    </p>
  </li>
  <li
    className="sc-bxivhb hjuVSK"
    onMouseEnter={[Function]}
    onMouseLeave={[Function]}
  >
    <img
      className="sc-bdVaJa hpZUqN"
      src="undefinedtaylor-swift.png"
    />
    <p
      className="sc-EHOje RRuYV"
    >
      1
    </p>
  </li>
</ul>
`;
