// Jest Snapshot v1, https://goo.gl/fbAQLP

exports[`renders correctly 1`] = `
<ul
  className="sc-ifAKCX hEkxEp"
>
  <li
    className="sc-htpNat cDJghx"
  >
    <a
      className="sc-bxivhb kPYQCs"
      href="/item/test-slug"
      onClick={[Function]}
    >
      <img
        className="sc-bdVaJa hpZUqN"
        src="undefinedtest-slug.png"
      />
      <p
        className="sc-bwzfXH iRfJrL"
      >
        10
      </p>
    </a>
  </li>
  <li
    className="sc-htpNat cDJghx"
  >
    <a
      className="sc-bxivhb kPYQCs"
      href="/item/taylor-swift"
      onClick={[Function]}
    >
      <img
        className="sc-bdVaJa hpZUqN"
        src="undefinedtaylor-swift.png"
      />
      <p
        className="sc-bwzfXH iRfJrL"
      >
        1
      </p>
    </a>
  </li>
</ul>
`;
