// Jest Snapshot v1, https://goo.gl/fbAQLP

exports[`renders correctly 1`] = `
<ul
  className="sc-gqjmRU exHRLl"
>
  <li
    className="sc-htpNat hkrMkj"
  >
    <a
      className="sc-bxivhb jgmcrE"
      href="/item/test-slug"
      onBlur={[Function]}
      onClick={[Function]}
      onFocus={[Function]}
      onMouseEnter={[Function]}
      onMouseLeave={[Function]}
    >
      <img
        className="sc-bdVaJa hpZUqN"
        src="undefinedtest-slug.png"
      />
      <p
        className="sc-iwsKbI jrVOTo sc-EHOje RRuYV"
      >
        10
      </p>
    </a>
  </li>
  <li
    className="sc-htpNat hkrMkj"
  >
    <a
      className="sc-bxivhb jgmcrE"
      href="/item/taylor-swift"
      onBlur={[Function]}
      onClick={[Function]}
      onFocus={[Function]}
      onMouseEnter={[Function]}
      onMouseLeave={[Function]}
    >
      <img
        className="sc-bdVaJa hpZUqN"
        src="undefinedtaylor-swift.png"
      />
      <p
        className="sc-iwsKbI jrVOTo sc-EHOje RRuYV"
      >
        1
      </p>
    </a>
  </li>
</ul>
`;
