// Jest Snapshot v1, https://goo.gl/fbAQLP

exports[`renders correctly 1`] = `
<ul
  className="sc-jTzLTM dkYUzs"
>
  <li
    className="sc-bxivhb fuAhs"
  >
    <a
      className="sc-ifAKCX GbWcO"
      href="/item/test-slug"
      onBlur={[Function]}
      onClick={[Function]}
      onFocus={[Function]}
      onMouseEnter={[Function]}
      onMouseLeave={[Function]}
    >
      <div
        className="sc-bdVaJa dMhIUw"
      >
        <img
          className="sc-bwzfXH iIjYES"
          src="undefinedtest-slug.png"
        />
      </div>
      <p
        className="sc-gZMcBi iufjnt sc-bZQynM geAaEl"
      >
        10
      </p>
    </a>
  </li>
  <li
    className="sc-bxivhb fuAhs"
  >
    <a
      className="sc-ifAKCX GbWcO"
      href="/item/taylor-swift"
      onBlur={[Function]}
      onClick={[Function]}
      onFocus={[Function]}
      onMouseEnter={[Function]}
      onMouseLeave={[Function]}
    >
      <div
        className="sc-bdVaJa dMhIUw"
      >
        <img
          className="sc-bwzfXH iIjYES"
          src="undefinedtaylor-swift.png"
        />
      </div>
      <p
        className="sc-gZMcBi iufjnt sc-bZQynM geAaEl"
      >
        1
      </p>
    </a>
  </li>
</ul>
`;
