// Jest Snapshot v1, https://goo.gl/fbAQLP

exports[`renders loaded list of items 1`] = `
<article
  class="sc-jTzLTM fwmeDQ sc-VigVT jMIXiq"
>
  <ul
    class="sc-gZMcBi PuPZl"
  >
    <li
      class="sc-bxivhb hjuVSK"
    >
      <img
        class="sc-bdVaJa hpZUqN"
        src="undefinedariana-grande.png"
      />
      <p
        class="sc-iwsKbI jrVOTo sc-EHOje RRuYV"
      >
        10
      </p>
    </li>
    <li
      class="sc-bxivhb hjuVSK"
    >
      <img
        class="sc-bdVaJa hpZUqN"
        src="undefinedtaylor-swift.png"
      />
      <p
        class="sc-iwsKbI jrVOTo sc-EHOje RRuYV"
      >
        1
      </p>
    </li>
  </ul>
</article>
`;

exports[`renders loading state initially 1`] = `
<article
  class="sc-jTzLTM fwmeDQ sc-VigVT jMIXiq"
/>
`;
