// Jest Snapshot v1, https://goo.gl/fbAQLP

exports[`renders loaded list of items 1`] = `
<article
  class="sc-VigVT bJrctR sc-gqjmRU dtOdvt"
>
  <ul
    class="sc-iwsKbI igizDg"
  >
    <li
      class="sc-bxivhb hjuVSK"
    >
      <img
        class="sc-bdVaJa hpZUqN"
        src="undefinedariana-grande.png"
      />
      <p
        class="sc-EHOje RRuYV"
      >
        10
      </p>
    </li>
    <li
      class="sc-bxivhb hjuVSK"
    >
      <img
        class="sc-bdVaJa hpZUqN"
        src="undefinedtaylor-swift.png"
      />
      <p
        class="sc-EHOje RRuYV"
      >
        1
      </p>
    </li>
  </ul>
</article>
`;

exports[`renders loading state initially 1`] = `
<article
  class="sc-VigVT bJrctR sc-gqjmRU dtOdvt"
/>
`;
