// Jest Snapshot v1, https://goo.gl/fbAQLP

exports[`renders correctly 1`] = `
<div
  className="sc-VigVT cReqnd"
>
  <p
    className="sc-jzJRlG cyaFDf sc-fjdhpX dFoqyJ"
  >
    x
  </p>
  <ul
    className="sc-cSHVUG cvBfsK"
  >
    <li
      className="sc-bxivhb fuAhs"
    >
      <a
        className="sc-ifAKCX GbWcO"
        href="/item/xanathous-crown"
        onBlur={[Function]}
        onClick={[Function]}
        onFocus={[Function]}
        onMouseEnter={[Function]}
        onMouseLeave={[Function]}
      >
        <div
          className="sc-bdVaJa dMhIUw"
        >
          <img
            className="sc-bwzfXH iIjYES"
            src="undefinedxanathous-crown.png"
          />
        </div>
        <p
          className="sc-gZMcBi hwidfF sc-bZQynM geAaEl"
        >
          4
        </p>
      </a>
    </li>
    <li
      className="sc-bxivhb fuAhs"
    >
      <a
        className="sc-ifAKCX GbWcO"
        href="/item/xyndra-grimore"
        onBlur={[Function]}
        onClick={[Function]}
        onFocus={[Function]}
        onMouseEnter={[Function]}
        onMouseLeave={[Function]}
      >
        <div
          className="sc-bdVaJa dMhIUw"
        >
          <img
            className="sc-bwzfXH iIjYES"
            src="undefinedxyndra-grimore.png"
          />
        </div>
        <p
          className="sc-gZMcBi hwidfF sc-bZQynM geAaEl"
        >
          6
        </p>
      </a>
    </li>
  </ul>
</div>
`;
