// Jest Snapshot v1, https://goo.gl/fbAQLP

exports[`renders correctly 1`] = `
Array [
  <h1
    className="sc-bdVaJa krEtey"
  >
    Alette's Bracelet
  </h1>,
  <div
    className="sc-bwzfXH idYqgJ"
  >
    <div
      className="sc-iwsKbI dRZuUw"
    >
      <img
        className="sc-htpNat fpGAr"
        src="undefinedalettes-bracelet.png"
      />
      <div
        className="sc-gZMcBi gKUIXU"
      >
        <svg
          viewBox="0 0 50 90"
          xmlns="http://www.w3.org/2000/svg"
        >
          <path
            d="M50.005 90L25.003 67.452 0 90V0h50.005v90z"
            fill="currentColor"
          />
        </svg>
        <div
          className="sc-gqjmRU ilkWmp"
        >
          <dl
            className="sc-bxivhb bIRpqt"
          >
            <dt
              className="sc-bZQynM jqmTJK sc-EHOje fMyzOX"
            >
              Strength
            </dt>
            <dd
              className="sc-gzVnrw fvdkZP"
            >
              <span
                className="sc-dnqmqq bVSNKU"
              >
                +
                1
              </span>
            </dd>
          </dl>
          <dl
            className="sc-bxivhb bIRpqt"
          >
            <dt
              className="sc-bZQynM jqmTJK sc-EHOje fMyzOX"
            >
              Willpower
            </dt>
            <dd
              className="sc-gzVnrw fvdkZP"
            >
              <span
                className="sc-dnqmqq bVSNKU"
              >
                +
                1
              </span>
            </dd>
          </dl>
          <dl
            className="sc-bxivhb bIRpqt"
          >
            <dt
              className="sc-bZQynM jqmTJK sc-EHOje fMyzOX"
            >
              Armor
            </dt>
            <dd
              className="sc-gzVnrw fvdkZP"
            >
              <span
                className="sc-dnqmqq bVSNKU"
              >
                +
                1
              </span>
            </dd>
          </dl>
        </div>
      </div>
    </div>
    <div
      className="sc-fjdhpX duxcbW"
    >
      <p
        className="sc-jzJRlG YfsHm"
      >
        Lovingly made by a hunter's wife to keep her daughter safe from harm.
      </p>
      <dl
        className="sc-bxivhb hbPgPS"
      >
        <dt
          className="sc-bZQynM heQZOI sc-EHOje fMyzOX"
        >
          Part
        </dt>
        <dd
          className="sc-gzVnrw ccpEsE"
        >
          The Banner Saga 1
        </dd>
      </dl>
      <dl
        className="sc-bxivhb hbPgPS"
      >
        <dt
          className="sc-bZQynM heQZOI sc-EHOje fMyzOX"
        >
          Rank
        </dt>
        <dd
          className="sc-gzVnrw ejKTVJ"
        >
          1
        </dd>
      </dl>
      <dl
        className="sc-bxivhb hbPgPS"
      >
        <dt
          className="sc-bZQynM heQZOI sc-EHOje fMyzOX"
        >
          How to get
        </dt>
        <dd
          className="sc-gzVnrw ccpEsE"
        >
          <strong
            className="sc-jTzLTM hPycZy"
          >
            Alette
          </strong>
           starts with it
        </dd>
      </dl>
    </div>
  </div>,
]
`;
