// Jest Snapshot v1, https://goo.gl/fbAQLP

exports[`renders correctly 1`] = `
.c3 {
  margin: 1rem 0;
}

.c5 {
  font-size: 1.2rem;
  color: rgba(61,38,218,0.5);
  text-transform: uppercase;
  -webkit-letter-spacing: 0.5px;
  -moz-letter-spacing: 0.5px;
  -ms-letter-spacing: 0.5px;
  letter-spacing: 0.5px;
}

.c4 {
  line-height: inherit;
}

.c6 {
  color: #3d26da;
  line-height: inherit;
  font-size: 1.4rem;
  font-weight: inherit;
  margin: 0;
}

.c7 {
  color: #3d26da;
  line-height: 1;
  font-size: 1.8rem;
  font-weight: 600;
  margin: 0;
}

.c8 {
  font-weight: 600;
}

.c17 {
  margin: 0;
  margin-top: 1rem;
  padding: 0;
  list-style: 0;
}

.c18 {
  display: grid;
  grid-template-columns: 15rem 1fr;
  height: 3rem;
  -webkit-align-items: end;
  -webkit-box-align: end;
  -ms-flex-align: end;
  align-items: end;
}

.c19 {
  font-weight: 600;
  padding-right: 1rem;
}

.c20 {
  font-weight: 400;
}

.c9 {
  margin-top: 5rem;
  opacity: 0;
  -webkit-animation: abQtS 400ms ease-in forwards 1000ms;
  animation: abQtS 400ms ease-in forwards 1000ms;
  border-top: 1px solid #3d26da;
}

.c13 {
  display: -webkit-box;
  display: -webkit-flex;
  display: -ms-flexbox;
  display: flex;
  -webkit-box-pack: end;
  -webkit-justify-content: flex-end;
  -ms-flex-pack: end;
  justify-content: flex-end;
  -webkit-align-items: flex-end;
  -webkit-box-align: flex-end;
  -ms-flex-align: flex-end;
  align-items: flex-end;
  width: 100%;
}

.c10 {
  display: grid;
  grid-template-columns: 15rem 1fr 25rem;
  border-bottom: 1px solid rgba(61,38,218,0.5);
}

.c12 {
  line-height: 1;
  border: none;
  outline: none;
  width: 100%;
  height: 5rem;
  padding: 1.6rem 1rem 0 1rem;
  border-top: 4px solid transparent;
  -webkit-transition: border-top 0.15s linear 0.15s;
  transition: border-top 0.15s linear 0.15s;
}

.c12::-webkit-input-placeholder {
  color: rgba(61,38,218,0.5);
}

.c12::-moz-placeholder {
  color: rgba(61,38,218,0.5);
}

.c12:-ms-input-placeholder {
  color: rgba(61,38,218,0.5);
}

.c12::placeholder {
  color: rgba(61,38,218,0.5);
}

.c12:focus {
  border-top: 4px solid #3d26da;
}

.c11 {
  padding-left: 0;
}

.c15 {
  position: relative;
  display: -webkit-box;
  display: -webkit-flex;
  display: -ms-flexbox;
  display: flex;
  -webkit-box-pack: end;
  -webkit-justify-content: flex-end;
  -ms-flex-pack: end;
  justify-content: flex-end;
  width: 100%;
  height: 5rem;
  width: 15rem;
  background: rgba(61,38,218,0.1);
  padding: 1.4rem 1rem 0 1rem;
  border: 0;
  outline: 0;
  border-top: 4px solid transparent;
  cursor: pointer;
  font-size: 1.8rem;
  font-weight: 700;
  -webkit-user-select: none;
  -moz-user-select: none;
  -ms-user-select: none;
  user-select: none;
  -webkit-transition: all 0.15s linear;
  transition: all 0.15s linear;
}

.c15:focus {
  border-top: 4px solid #3d26da;
}

.c16 {
  position: absolute;
  bottom: -1rem;
  left: -2rem;
}

.c14 {
  width: 3.4rem;
  height: 3.4rem;
  outline: 0;
  border: 0;
  color: #d92f29;
  cursor: pointer;
  margin-right: 2rem;
}

.c0 {
  margin-left: 2rem;
}

.c1 {
  opacity: 0;
  -webkit-animation: abQtS 400ms ease-in forwards 600ms;
  animation: abQtS 400ms ease-in forwards 600ms;
}

.c2 {
  margin: 0;
  margin-bottom: 2rem;
  font-size: 1.8rem;
  line-height: 1.2;
  font-style: italic;
}

<div
  className="c0"
>
  <div
    className="c1"
  >
    <p
      className="c2"
    >
      Lovingly made by a hunter's wife to keep her daughter safe from harm.
    </p>
    <dl
      className="c3"
    >
      <dt
        className="c4 c5"
      >
        Part
      </dt>
      <dd
        className="c6"
      >
        The Banner Saga 1
      </dd>
    </dl>
    <dl
      className="c3"
    >
      <dt
        className="c4 c5"
      >
        Rank
      </dt>
      <dd
        className="c7"
      >
        1
      </dd>
    </dl>
    <dl
      className="c3"
    >
      <dt
        className="c4 c5"
      >
        How to get
      </dt>
      <dd
        className="c6"
      >
        <strong
          className="c8"
        >
          Alette
        </strong>
         starts with it
      </dd>
    </dl>
  </div>
  <div
    className="c9"
  >
    <form
      className="c10"
    >
      <input
        autoCapitalize="off"
        autoComplete="off"
        autoCorrect="off"
        className="c11 c12"
        placeholder="Name"
        spellCheck={false}
        type="text"
      />
      <input
        autoCapitalize="off"
        autoComplete="off"
        autoCorrect="off"
        className="c11 c12"
        placeholder="Comment about this item..."
        spellCheck={false}
        type="text"
      />
      <div
        className="c13"
      >
        <button
          aria-label="Discard comment"
          className="c14"
          type="button"
        >
          <svg
            height="16"
            viewBox="0 0 16 16"
            width="16"
            xmlns="http://www.w3.org/2000/svg"
          >
            <path
              d="M9.414 8L16 1.414 14.586 0 8 6.586 1.414 0 0 1.414 6.586 8 0 14.586 1.414 16 8 9.414 14.586 16 16 14.586z"
              fill="currentColor"
            />
          </svg>
        </button>
        <button
          className="c15"
          type="submit"
        >
          <div
            className="c16"
          >
            <svg
              height="38"
              viewBox="0 0 46 38"
              width="46"
              xmlns="http://www.w3.org/2000/svg"
            >
              <path
                d="M5.972 12.497s-2.845.837-3.746 1.236c-.094.042-2.135.473-2.226.516 1.209.849 2.82 1.155 3.539 2.49.081-.019 1.374.582 1.457.564l2.757 1.806c.48.055 1.027.517 1.2.786l5.043 3.303-.404 13.809 7.745-8.226 3.121 2.026c1.341.635 2.668 1.592 3.944 2.226 1.798.893 2.08 2.061 3.847 3.014.377.203 1.634.812 3.039 1.954.156-1.882.482-3.276.791-4.272C38.688 25.334 46 0 46 0L5.972 12.497z"
                fill="#e2abff"
              />
              <path
                d="M18.648 20.386l-.055 10.065-3.666 3.705.066-10.971 3.655-2.799zM6.001 16.479l8.478 5.553 3.901-2.395-11.816-6.29s-1.751.464-3.025.876c.676.64 2.333 2.117 2.462 2.256zM43.463 2.067l.617-.432L7.228 13.14l11.607 6.179L43.463 2.067zm-1.71 1.829L19.565 19.731l-.342 9.037 22.53-24.872zm2.041-1.463L25.552 22.896l10.473 5.576 8.248-26.577-.479.538zM29.516 28.937l-.525 2.849s3.99 2.325 5.006 3.222l.003-.009 1.876-6.046-10.663-5.677-3.25 3.948 5.338 3.465 2.215-1.752z"
                fill="#3d26da"
              />
            </svg>
          </div>
          Comment
        </button>
      </div>
    </form>
    <ul
      className="c17"
    >
      <li
        className="c18"
      >
        <span
          className="c19"
        >
          legend27
        </span>
        <span
          className="c20"
        >
          This item is just amazing, probably one of the best!
        </span>
      </li>
      <li
        className="c18"
      >
        <span
          className="c19"
        >
          ArianaGrande
        </span>
        <span
          className="c20"
        >
          Dunno what you talking about, looks legit 2 me
        </span>
      </li>
      <li
        className="c18"
      >
        <span
          className="c19"
        >
          taylorswift
        </span>
        <span
          className="c20"
        >
          Don’t understand how is it tier1 #trash
        </span>
      </li>
    </ul>
  </div>
</div>
`;
