// Jest Snapshot v1, https://goo.gl/fbAQLP

exports[`renders correctly 1`] = `
Array [
  <h1
    className="sc-bwzfXH cgiPFg sc-bdVaJa krEtey"
  >
    Alette's Bracelet
  </h1>,
  <div
    className="sc-htpNat fTHudk"
  >
    <div
      className="sc-gqjmRU iCmtpl"
    >
      <div
        className="sc-bxivhb hMUPsM"
      >
        <img
          className="sc-ifAKCX dKwlvE"
          src="undefinedalettes-bracelet.png"
        />
      </div>
      <div
        className="sc-VigVT cxulEs"
      >
        <svg
          viewBox="0 0 50 90"
          xmlns="http://www.w3.org/2000/svg"
        >
          <path
            d="M50.005 90L25.003 67.452 0 90V0h50.005v90z"
            fill="currentColor"
          />
        </svg>
        <div
          className="sc-jTzLTM cFrlBg"
        >
          <dl
            className="sc-EHOje cGzteA"
          >
            <dt
              className="sc-htoDjs iwPGiT sc-gzVnrw dBHQgL"
            >
              Strength
            </dt>
            <dd
              className="sc-dnqmqq iHimWC"
            >
              <span
                className="sc-gZMcBi kSuIwq"
              >
                +
                1
              </span>
            </dd>
          </dl>
          <dl
            className="sc-EHOje cGzteA"
          >
            <dt
              className="sc-htoDjs iwPGiT sc-gzVnrw dBHQgL"
            >
              Willpower
            </dt>
            <dd
              className="sc-dnqmqq iHimWC"
            >
              <span
                className="sc-gZMcBi kSuIwq"
              >
                +
                1
              </span>
            </dd>
          </dl>
          <dl
            className="sc-EHOje cGzteA"
          >
            <dt
              className="sc-htoDjs iwPGiT sc-gzVnrw dBHQgL"
            >
              Armor
            </dt>
            <dd
              className="sc-dnqmqq iHimWC"
            >
              <span
                className="sc-gZMcBi kSuIwq"
              >
                +
                1
              </span>
            </dd>
          </dl>
        </div>
      </div>
    </div>
    <div
      className="sc-kkGfuU iCUPzU"
    >
      <div
        className="sc-iAyFgw hxQxZG"
      >
        <p
          className="sc-hSdWYo brXffs"
        >
          Lovingly made by a hunter's wife to keep her daughter safe from harm.
        </p>
        <dl
          className="sc-EHOje eKjpuR"
        >
          <dt
            className="sc-htoDjs foKTTs sc-gzVnrw dBHQgL"
          >
            Part
          </dt>
          <dd
            className="sc-dnqmqq iXQNhl"
          >
            The Banner Saga 1
          </dd>
        </dl>
        <dl
          className="sc-EHOje eKjpuR"
        >
          <dt
            className="sc-htoDjs foKTTs sc-gzVnrw dBHQgL"
          >
            Rank
          </dt>
          <dd
            className="sc-dnqmqq bTKoEE"
          >
            1
          </dd>
        </dl>
        <dl
          className="sc-EHOje eKjpuR"
        >
          <dt
            className="sc-htoDjs foKTTs sc-gzVnrw dBHQgL"
          >
            How to get
          </dt>
          <dd
            className="sc-dnqmqq iXQNhl"
          >
            <strong
              className="sc-jzJRlG gZZLXP"
            >
              Alette
            </strong>
             starts with it
          </dd>
        </dl>
      </div>
      <div
        className="sc-kGXeez KsLze"
      >
        <form
          className="sc-dxgOiQ bMAANQ"
        >
          <input
            autoCapitalize="off"
            autoComplete="off"
            autoCorrect="off"
            className="sc-jKJlTe eEZknr sc-ckVGcZ dQHGlx"
            placeholder="Name"
            spellCheck={false}
            type="text"
          />
          <input
            autoCapitalize="off"
            autoComplete="off"
            autoCorrect="off"
            className="sc-jKJlTe eEZknr sc-ckVGcZ dQHGlx"
            placeholder="Comment about this item..."
            spellCheck={false}
            type="text"
          />
          <div
            className="sc-kpOJdX dhzOwp"
          >
            <button
              aria-label="Discard comment"
              className="sc-kEYyzF hHLpeL"
              type="button"
            >
              <svg
                height="16"
                viewBox="0 0 16 16"
                width="16"
                xmlns="http://www.w3.org/2000/svg"
              >
                <path
                  d="M9.414 8L16 1.414 14.586 0 8 6.586 1.414 0 0 1.414 6.586 8 0 14.586 1.414 16 8 9.414 14.586 16 16 14.586z"
                  fill="currentColor"
                />
              </svg>
            </button>
            <button
              className="sc-eNQAEJ hBBEha"
              type="submit"
            >
              <div
                className="sc-hMqMXs dYHNEB"
              >
                <svg
                  height="38"
                  viewBox="0 0 46 38"
                  width="46"
                  xmlns="http://www.w3.org/2000/svg"
                >
                  <path
                    d="M5.972 12.497s-2.845.837-3.746 1.236c-.094.042-2.135.473-2.226.516 1.209.849 2.82 1.155 3.539 2.49.081-.019 1.374.582 1.457.564l2.757 1.806c.48.055 1.027.517 1.2.786l5.043 3.303-.404 13.809 7.745-8.226 3.121 2.026c1.341.635 2.668 1.592 3.944 2.226 1.798.893 2.08 2.061 3.847 3.014.377.203 1.634.812 3.039 1.954.156-1.882.482-3.276.791-4.272C38.688 25.334 46 0 46 0L5.972 12.497z"
                    fill="#e2abff"
                  />
                  <path
                    d="M18.648 20.386l-.055 10.065-3.666 3.705.066-10.971 3.655-2.799zM6.001 16.479l8.478 5.553 3.901-2.395-11.816-6.29s-1.751.464-3.025.876c.676.64 2.333 2.117 2.462 2.256zM43.463 2.067l.617-.432L7.228 13.14l11.607 6.179L43.463 2.067zm-1.71 1.829L19.565 19.731l-.342 9.037 22.53-24.872zm2.041-1.463L25.552 22.896l10.473 5.576 8.248-26.577-.479.538zM29.516 28.937l-.525 2.849s3.99 2.325 5.006 3.222l.003-.009 1.876-6.046-10.663-5.677-3.25 3.948 5.338 3.465 2.215-1.752z"
                    fill="#3d26da"
                  />
                </svg>
              </div>
              Comment
            </button>
          </div>
        </form>
        <ul
          className="sc-cSHVUG kJzjkY"
        >
          <li
            className="sc-kAzzGY ikpMQX"
          >
            <span
              className="sc-chPdSV cnLoJV"
            >
              legend27
            </span>
            <span
              className="sc-kgoBCf cOOXiH"
            >
              This item is just amazing, probably one of the best!
            </span>
          </li>
          <li
            className="sc-kAzzGY ikpMQX"
          >
            <span
              className="sc-chPdSV cnLoJV"
            >
              ArianaGrande
            </span>
            <span
              className="sc-kgoBCf cOOXiH"
            >
              Dunno what you talking about, looks legit 2 me
            </span>
          </li>
          <li
            className="sc-kAzzGY ikpMQX"
          >
            <span
              className="sc-chPdSV cnLoJV"
            >
              taylorswift
            </span>
            <span
              className="sc-kgoBCf cOOXiH"
            >
              Don’t understand how is it tier1 #trash
            </span>
          </li>
        </ul>
      </div>
    </div>
  </div>,
]
`;
