// Jest Snapshot v1, https://goo.gl/fbAQLP

exports[`renders correctly 1`] = `
Array [
  <h1
    className="sc-bdVaJa krEtey"
  >
    Alette's Bracelet
  </h1>,
  <div
    className="sc-bwzfXH idYqgJ"
  >
    <div
      className="sc-gZMcBi bRgQnQ"
    >
      <div
        className="sc-htpNat bVIWRD"
      >
        <img
          className="sc-bxivhb kfMzZG"
          src="undefinedalettes-bracelet.png"
        />
      </div>
      <div
        className="sc-gqjmRU gcZhru"
      >
        <svg
          viewBox="0 0 50 90"
          xmlns="http://www.w3.org/2000/svg"
        >
          <path
            d="M50.005 90L25.003 67.452 0 90V0h50.005v90z"
            fill="currentColor"
          />
        </svg>
        <div
          className="sc-VigVT iEHYVi"
        >
          <dl
            className="sc-ifAKCX bzoQiD"
          >
            <dt
              className="sc-gzVnrw cXGOKy sc-bZQynM gItSTm"
            >
              Strength
            </dt>
            <dd
              className="sc-htoDjs joOAYR"
            >
              <span
                className="sc-iwsKbI bTMIFp"
              >
                +
                1
              </span>
            </dd>
          </dl>
          <dl
            className="sc-ifAKCX bzoQiD"
          >
            <dt
              className="sc-gzVnrw cXGOKy sc-bZQynM gItSTm"
            >
              Willpower
            </dt>
            <dd
              className="sc-htoDjs joOAYR"
            >
              <span
                className="sc-iwsKbI bTMIFp"
              >
                +
                1
              </span>
            </dd>
          </dl>
          <dl
            className="sc-ifAKCX bzoQiD"
          >
            <dt
              className="sc-gzVnrw cXGOKy sc-bZQynM gItSTm"
            >
              Armor
            </dt>
            <dd
              className="sc-htoDjs joOAYR"
            >
              <span
                className="sc-iwsKbI bTMIFp"
              >
                +
                1
              </span>
            </dd>
          </dl>
        </div>
      </div>
    </div>
    <div
      className="sc-jzJRlG kPvGAm"
    >
      <p
        className="sc-cSHVUG kukVAZ"
      >
        Lovingly made by a hunter's wife to keep her daughter safe from harm.
      </p>
      <dl
        className="sc-ifAKCX eUrHGw"
      >
        <dt
          className="sc-gzVnrw jdsdOG sc-bZQynM gItSTm"
        >
          Part
        </dt>
        <dd
          className="sc-htoDjs hoHbUn"
        >
          The Banner Saga 1
        </dd>
      </dl>
      <dl
        className="sc-ifAKCX eUrHGw"
      >
        <dt
          className="sc-gzVnrw jdsdOG sc-bZQynM gItSTm"
        >
          Rank
        </dt>
        <dd
          className="sc-htoDjs gBjpyW"
        >
          1
        </dd>
      </dl>
      <dl
        className="sc-ifAKCX eUrHGw"
      >
        <dt
          className="sc-gzVnrw jdsdOG sc-bZQynM gItSTm"
        >
          How to get
        </dt>
        <dd
          className="sc-htoDjs hoHbUn"
        >
          <strong
            className="sc-fjdhpX ehLwBl"
          >
            Alette
          </strong>
           starts with it
        </dd>
      </dl>
    </div>
  </div>,
]
`;
