// Jest Snapshot v1, https://goo.gl/fbAQLP

exports[`renders correctly 1`] = `
.c3 {
  margin: 1rem 0;
}

.c5 {
  font-size: 1.2rem;
  color: rgba(61,38,218,0.5);
  text-transform: uppercase;
  -webkit-letter-spacing: 0.5px;
  -moz-letter-spacing: 0.5px;
  -ms-letter-spacing: 0.5px;
  letter-spacing: 0.5px;
}

.c4 {
  line-height: inherit;
}

.c6 {
  color: #3d26da;
  line-height: inherit;
  font-size: 1.4rem;
  font-weight: inherit;
  margin: 0;
}

.c7 {
  color: #3d26da;
  line-height: 1;
  font-size: 1.8rem;
  font-weight: 600;
  margin: 0;
}

.c8 {
  font-weight: 600;
}

.c10 {
  display: grid;
  grid-template-columns: 15rem 1fr 25rem;
  border-bottom: 1px solid rgba(61,38,218,0.5);
}

.c12 {
  line-height: 1;
  border: none;
  outline: none;
  width: 100%;
  height: 5rem;
  padding: 1.6rem 1rem 0 1rem;
  border-top: 4px solid transparent;
  -webkit-transition: border-top 0.15s linear 0.15s;
  transition: border-top 0.15s linear 0.15s;
}

.c12::-webkit-input-placeholder {
  color: rgba(61,38,218,0.5);
}

.c12::-moz-placeholder {
  color: rgba(61,38,218,0.5);
}

.c12:-ms-input-placeholder {
  color: rgba(61,38,218,0.5);
}

.c12::placeholder {
  color: rgba(61,38,218,0.5);
}

.c12:focus {
  border-top: 4px solid #3d26da;
}

.c11 {
  padding-left: 0;
}

.c13 {
  margin: 0;
  margin-top: 1rem;
  padding: 0;
  list-style: 0;
}

.c14 {
  display: grid;
  grid-template-columns: 15rem 1fr;
  height: 3rem;
  -webkit-align-items: end;
  -webkit-box-align: end;
  -ms-flex-align: end;
  align-items: end;
}

.c15 {
  font-weight: 600;
  padding-right: 1rem;
}

.c16 {
  font-weight: 400;
}

.c9 {
  margin-top: 4rem;
  opacity: 0;
  -webkit-animation: abQtS 400ms ease-in forwards 1000ms;
  animation: abQtS 400ms ease-in forwards 1000ms;
  border-top: 1px solid #3d26da;
}

.c0 {
  margin-left: 3rem;
}

.c1 {
  opacity: 0;
  -webkit-animation: abQtS 400ms ease-in forwards 600ms;
  animation: abQtS 400ms ease-in forwards 600ms;
}

.c2 {
  margin: 0;
  margin-bottom: 2rem;
  font-size: 1.8rem;
  line-height: 1.2;
  font-style: italic;
}

<div
  className="c0"
>
  <div
    className="c1"
  >
    <p
      className="c2"
    >
      Lovingly made by a hunter's wife to keep her daughter safe from harm.
    </p>
    <dl
      className="c3"
    >
      <dt
        className="c4 c5"
      >
        Part
      </dt>
      <dd
        className="c6"
      >
        The Banner Saga 1
      </dd>
    </dl>
    <dl
      className="c3"
    >
      <dt
        className="c4 c5"
      >
        Rank
      </dt>
      <dd
        className="c7"
      >
        1
      </dd>
    </dl>
    <dl
      className="c3"
    >
      <dt
        className="c4 c5"
      >
        How to get
      </dt>
      <dd
        className="c6"
      >
        <strong
          className="c8"
        >
          Alette
        </strong>
         starts with it
      </dd>
    </dl>
  </div>
  <div
    className="c9"
  >
    <form
      className="c10"
      onSubmit={[Function]}
    >
      <input
        autoCapitalize="off"
        autoComplete="off"
        autoCorrect="off"
        className="c11 c12"
        name="userName"
        onChange={[Function]}
        placeholder="Name"
        spellCheck={false}
        type="text"
        value=""
      />
      <input
        autoCapitalize="off"
        autoComplete="off"
        autoCorrect="off"
        className="c11 c12"
        name="message"
        onChange={[Function]}
        placeholder="Comment about this item..."
        spellCheck={false}
        type="text"
        value=""
      />
    </form>
    <ul
      className="c13"
    >
      <li
        className="c14"
      >
        <span
          className="c15"
        >
          legend27
        </span>
        <span
          className="c16"
        >
          Too good for my taste
        </span>
      </li>
    </ul>
  </div>
</div>
`;
