// Jest Snapshot v1, https://goo.gl/fbAQLP

exports[`renders loaded item 1`] = `
<article
  class="sc-htpNat eroWgC sc-bwzfXH ezMGVG"
>
  <h1
    class="sc-bxivhb godseO"
  />
  <div
    class="sc-ifAKCX eMgKLG"
  >
    <div
      class="sc-jTzLTM iNxaQE"
    >
      <div
        class="sc-EHOje fzKOsK"
      >
        <img
          class="sc-bZQynM ZxRt"
          src="undefinedundefined.png"
        />
      </div>
      <div
        class="sc-fjdhpX cojkTh"
      >
        <svg
          viewBox="0 0 50 90"
          xmlns="http://www.w3.org/2000/svg"
        >
          <path
            d="M50.005 90L25.003 67.452 0 90V0h50.005v90z"
            fill="currentColor"
          />
        </svg>
        <div
          class="sc-jzJRlG cagTCt"
        />
      </div>
    </div>
    <div
      class="sc-chPdSV kwYEAP"
    >
      <dl
        class="sc-gzVnrw dVbZom"
      >
        <dt
          class="sc-iwsKbI jicUlL sc-dnqmqq eIqxId"
        >
          Part
        </dt>
        <dd
          class="sc-gZMcBi geMyLs"
        >
          The Banner Saga undefined
        </dd>
      </dl>
      <dl
        class="sc-gzVnrw dVbZom"
      >
        <dt
          class="sc-iwsKbI jicUlL sc-dnqmqq eIqxId"
        >
          Rank
        </dt>
        <dd
          class="sc-gZMcBi jWGNPi"
        />
      </dl>
      <dl
        class="sc-gzVnrw dVbZom"
      >
        <dt
          class="sc-iwsKbI jicUlL sc-dnqmqq eIqxId"
        >
          How to get
        </dt>
        <dd
          class="sc-gZMcBi geMyLs"
        >
          Unknown
        </dd>
      </dl>
    </div>
  </div>
</article>
`;

exports[`renders loading state initially 1`] = `
<article
  class="sc-htpNat eroWgC sc-bwzfXH ezMGVG"
/>
`;
