// Jest Snapshot v1, https://goo.gl/fbAQLP

exports[`renders items grouped by first name character 1`] = `
<div
  className="sc-bdVaJa iDpojy"
>
  <div
    className="sc-jTzLTM gKdRlC"
  >
    <p
      className="sc-cSHVUG fTOKnP sc-jzJRlG dGTYFu"
    >
      t
    </p>
    <ul
      className="sc-kAzzGY kHKYvg"
    >
      <li
        className="sc-ifAKCX eAYGcP"
      >
        <a
          className="sc-EHOje jQSOuj"
          href="/item/taylors-bracelet"
          onBlur={[Function]}
          onClick={[Function]}
          onFocus={[Function]}
          onMouseEnter={[Function]}
          onMouseLeave={[Function]}
        >
          <div
            className="sc-bwzfXH elpSZb"
          >
            <img
              className="sc-htpNat kvsjSp"
              src="undefinedtaylors-bracelet.png"
            />
          </div>
          <p
            className="sc-gqjmRU hyXOOH sc-gzVnrw dJHat"
          >
            1
          </p>
        </a>
      </li>
      <li
        className="sc-ifAKCX eAYGcP"
      >
        <a
          className="sc-EHOje jQSOuj"
          href="/item/thunder-ball"
          onBlur={[Function]}
          onClick={[Function]}
          onFocus={[Function]}
          onMouseEnter={[Function]}
          onMouseLeave={[Function]}
        >
          <div
            className="sc-bwzfXH elpSZb"
          >
            <img
              className="sc-htpNat kvsjSp"
              src="undefinedthunder-ball.png"
            />
          </div>
          <p
            className="sc-gqjmRU hyXOOH sc-gzVnrw dJHat"
          >
            2
          </p>
        </a>
      </li>
    </ul>
  </div>
  <div
    className="sc-jTzLTM ldRjeR"
  >
    <p
      className="sc-cSHVUG fTOKnP sc-jzJRlG dGTYFu"
    >
      v
    </p>
    <ul
      className="sc-kAzzGY cMQPDM"
    >
      <li
        className="sc-ifAKCX eAYGcP"
      >
        <a
          className="sc-EHOje jQSOuj"
          href="/item/vibrant-touch"
          onBlur={[Function]}
          onClick={[Function]}
          onFocus={[Function]}
          onMouseEnter={[Function]}
          onMouseLeave={[Function]}
        >
          <div
            className="sc-bwzfXH elpSZb"
          >
            <img
              className="sc-htpNat kvsjSp"
              src="undefinedvibrant-touch.png"
            />
          </div>
          <p
            className="sc-gqjmRU hyXOOH sc-gzVnrw dJHat"
          >
            3
          </p>
        </a>
      </li>
    </ul>
  </div>
</div>
`;
