// Jest Snapshot v1, https://goo.gl/fbAQLP

exports[`renders items grouped by first name character 1`] = `
<div
  className="sc-bdVaJa iDpojy"
>
  <div
    className="sc-VigVT iYppOv"
  >
    <p
      className="sc-jzJRlG cyaFDf sc-fjdhpX dFoqyJ"
    >
      t
    </p>
    <ul
      className="sc-cSHVUG cvBfsK"
    >
      <li
        className="sc-bxivhb fuAhs"
      >
        <a
          className="sc-ifAKCX GbWcO"
          href="/item/taylors-bracelet"
          onBlur={[Function]}
          onClick={[Function]}
          onFocus={[Function]}
          onMouseEnter={[Function]}
          onMouseLeave={[Function]}
        >
          <img
            className="sc-bwzfXH cxYQpI"
            src="undefinedtaylors-bracelet.png"
          />
          <p
            className="sc-gZMcBi iufjnt sc-bZQynM geAaEl"
          >
            1
          </p>
        </a>
      </li>
      <li
        className="sc-bxivhb fuAhs"
      >
        <a
          className="sc-ifAKCX GbWcO"
          href="/item/thunder-ball"
          onBlur={[Function]}
          onClick={[Function]}
          onFocus={[Function]}
          onMouseEnter={[Function]}
          onMouseLeave={[Function]}
        >
          <img
            className="sc-bwzfXH cxYQpI"
            src="undefinedthunder-ball.png"
          />
          <p
            className="sc-gZMcBi iufjnt sc-bZQynM geAaEl"
          >
            2
          </p>
        </a>
      </li>
    </ul>
  </div>
  <div
    className="sc-VigVT cAHWJM"
  >
    <p
      className="sc-jzJRlG cyaFDf sc-fjdhpX dFoqyJ"
    >
      v
    </p>
    <ul
      className="sc-cSHVUG dOyjrN"
    >
      <li
        className="sc-bxivhb fuAhs"
      >
        <a
          className="sc-ifAKCX GbWcO"
          href="/item/vibrant-touch"
          onBlur={[Function]}
          onClick={[Function]}
          onFocus={[Function]}
          onMouseEnter={[Function]}
          onMouseLeave={[Function]}
        >
          <img
            className="sc-bwzfXH cxYQpI"
            src="undefinedvibrant-touch.png"
          />
          <p
            className="sc-gZMcBi iufjnt sc-bZQynM geAaEl"
          >
            3
          </p>
        </a>
      </li>
    </ul>
  </div>
</div>
`;
